[2026-08-11 17:09:06,958] INFO Registered `kafka:type=kafka.Log4jController` MBean (kafka.utils.Log4jControllerRegistration$)
[2026-08-11 17:09:07,162] ERROR Exiting Kafka due to fatal exception (kafka.Kafka$)
java.nio.file.NoSuchFileException: .\config\kraft\server.properties
	at java.base/sun.nio.fs.WindowsException.translateToIOException(WindowsException.java:85)
	at java.base/sun.nio.fs.WindowsException.rethrowAsIOException(WindowsException.java:103)
	at java.base/sun.nio.fs.WindowsException.rethrowAsIOException(WindowsException.java:108)
	at java.base/sun.nio.fs.WindowsFileSystemProvider.newByteChannel(WindowsFileSystemProvider.java:234)
	at java.base/java.nio.file.Files.newByteChannel(Files.java:379)
	at java.base/java.nio.file.Files.newByteChannel(Files.java:431)
	at java.base/java.nio.file.spi.FileSystemProvider.newInputStream(FileSystemProvider.java:420)
	at java.base/java.nio.file.Files.newInputStream(Files.java:159)
	at org.apache.kafka.common.utils.Utils.loadProps(Utils.java:669)
	at kafka.Kafka$.getPropsFromArgs(Kafka.scala:50)
	at kafka.Kafka$.main(Kafka.scala:74)
	at kafka.Kafka.main(Kafka.scala)
[2026-08-11 17:11:10,373] INFO Registered `kafka:type=kafka.Log4jController` MBean (kafka.utils.Log4jControllerRegistration$)
[2026-08-11 17:11:10,723] ERROR Exiting Kafka due to fatal exception (kafka.Kafka$)
java.lang.RuntimeException: No readable meta.properties files found.
	at org.apache.kafka.metadata.properties.MetaPropertiesEnsemble.verify(MetaPropertiesEnsemble.java:480)
	at kafka.server.KafkaRaftServer$.initializeLogDirs(KafkaRaftServer.scala:140)
	at kafka.server.KafkaRaftServer.<init>(KafkaRaftServer.scala:55)
	at kafka.Kafka$.buildServer(Kafka.scala:68)
	at kafka.Kafka$.main(Kafka.scala:75)
	at kafka.Kafka.main(Kafka.scala)
