[2026-08-11 17:23:05,635] INFO [Broker id=1] Transitioning 1 partition(s) to local leaders. (state.change.logger)
[2026-08-11 17:23:05,650] INFO [Broker id=1] Creating new partition iot-telemetry-0 with topic id BCUAmIlER1K92JIfBWnlWg. (state.change.logger)
[2026-08-11 17:23:05,750] INFO [Broker id=1] Leader iot-telemetry-0 with topic id Some(BCUAmIlER1K92JIfBWnlWg) starts at leader epoch 0 from offset 0 with partition epoch 0, high watermark 0, ISR [1], adding replicas [] and removing replicas [] . Previous leader None and previous leader epoch was -1. (state.change.logger)
[2026-08-11 17:31:52,753] INFO [Broker id=1] Transitioning 50 partition(s) to local leaders. (state.change.logger)
[2026-08-11 17:31:52,913] INFO [Broker id=1] Creating new partition __consumer_offsets-13 with topic id 74rAHIp_ShaRb1TqDtEjOA. (state.change.logger)
[2026-08-11 17:31:53,439] INFO [Broker id=1] Leader __consumer_offsets-13 with topic id Some(74rAHIp_ShaRb1TqDtEjOA) starts at leader epoch 0 from offset 0 with partition epoch 0, high watermark 0, ISR [1], adding replicas [] and removing replicas [] . Previous leader None and previous leader epoch was -1. (state.change.logger)
[2026-08-11 17:31:53,443] INFO [Broker id=1] Creating new partition __consumer_offsets-46 with topic id 74rAHIp_ShaRb1TqDtEjOA. (state.change.logger)
[2026-08-11 17:31:53,470] INFO [Broker id=1] Leader __consumer_offsets-46 with topic id Some(74rAHIp_ShaRb1TqDtEjOA) starts at leader epoch 0 from offset 0 with partition epoch 0, high watermark 0, ISR [1], adding replicas [] and removing replicas [] . Previous leader None and previous leader epoch was -1. (state.change.logger)
[2026-08-11 17:31:53,474] INFO [Broker id=1] Creating new partition __consumer_offsets-9 with topic id 74rAHIp_ShaRb1TqDtEjOA. (state.change.logger)
[2026-08-11 17:31:53,489] INFO [Broker id=1] Leader __consumer_offsets-9 with topic id Some(74rAHIp_ShaRb1TqDtEjOA) starts at leader epoch 0 from offset 0 with partition epoch 0, high watermark 0, ISR [1], adding replicas [] and removing replicas [] . Previous leader None and previous leader epoch was -1. (state.change.logger)
[2026-08-11 17:31:53,492] INFO [Broker id=1] Creating new partition __consumer_offsets-42 with topic id 74rAHIp_ShaRb1TqDtEjOA. (state.change.logger)
[2026-08-11 17:31:53,603] INFO [Broker id=1] Leader __consumer_offsets-42 with topic id Some(74rAHIp_ShaRb1TqDtEjOA) starts at leader epoch 0 from offset 0 with partition epoch 0, high watermark 0, ISR [1], adding replicas [] and removing replicas [] . Previous leader None and previous leader epoch was -1. (state.change.logger)
[2026-08-11 17:31:53,608] INFO [Broker id=1] Creating new partition __consumer_offsets-21 with topic id 74rAHIp_ShaRb1TqDtEjOA. (state.change.logger)
[2026-08-11 17:31:53,630] INFO [Broker id=1] Leader __consumer_offsets-21 with topic id Some(74rAHIp_ShaRb1TqDtEjOA) starts at leader epoch 0 from offset 0 with partition epoch 0, high watermark 0, ISR [1], adding replicas [] and removing replicas [] . Previous leader None and previous leader epoch was -1. (state.change.logger)
[2026-08-11 17:31:53,635] INFO [Broker id=1] Creating new partition __consumer_offsets-17 with topic id 74rAHIp_ShaRb1TqDtEjOA. (state.change.logger)
[2026-08-11 17:31:53,799] INFO [Broker id=1] Leader __consumer_offsets-17 with topic id Some(74rAHIp_ShaRb1TqDtEjOA) starts at leader epoch 0 from offset 0 with partition epoch 0, high watermark 0, ISR [1], adding replicas [] and removing replicas [] . Previous leader None and previous leader epoch was -1. (state.change.logger)
[2026-08-11 17:31:53,803] INFO [Broker id=1] Creating new partition __consumer_offsets-30 with topic id 74rAHIp_ShaRb1TqDtEjOA. (state.change.logger)
[2026-08-11 17:31:53,826] INFO [Broker id=1] Leader __consumer_offsets-30 with topic id Some(74rAHIp_ShaRb1TqDtEjOA) starts at leader epoch 0 from offset 0 with partition epoch 0, high watermark 0, ISR [1], adding replicas [] and removing replicas [] . Previous leader None and previous leader epoch was -1. (state.change.logger)
[2026-08-11 17:31:53,830] INFO [Broker id=1] Creating new partition __consumer_offsets-26 with topic id 74rAHIp_ShaRb1TqDtEjOA. (state.change.logger)
[2026-08-11 17:31:53,871] INFO [Broker id=1] Leader __consumer_offsets-26 with topic id Some(74rAHIp_ShaRb1TqDtEjOA) starts at leader epoch 0 from offset 0 with partition epoch 0, high watermark 0, ISR [1], adding replicas [] and removing replicas [] . Previous leader None and previous leader epoch was -1. (state.change.logger)
[2026-08-11 17:31:53,913] INFO [Broker id=1] Creating new partition __consumer_offsets-5 with topic id 74rAHIp_ShaRb1TqDtEjOA. (state.change.logger)
[2026-08-11 17:31:53,982] INFO [Broker id=1] Leader __consumer_offsets-5 with topic id Some(74rAHIp_ShaRb1TqDtEjOA) starts at leader epoch 0 from offset 0 with partition epoch 0, high watermark 0, ISR [1], adding replicas [] and removing replicas [] . Previous leader None and previous leader epoch was -1. (state.change.logger)
[2026-08-11 17:31:53,984] INFO [Broker id=1] Creating new partition __consumer_offsets-38 with topic id 74rAHIp_ShaRb1TqDtEjOA. (state.change.logger)
[2026-08-11 17:31:54,002] INFO [Broker id=1] Leader __consumer_offsets-38 with topic id Some(74rAHIp_ShaRb1TqDtEjOA) starts at leader epoch 0 from offset 0 with partition epoch 0, high watermark 0, ISR [1], adding replicas [] and removing replicas [] . Previous leader None and previous leader epoch was -1. (state.change.logger)
[2026-08-11 17:31:54,012] INFO [Broker id=1] Creating new partition __consumer_offsets-1 with topic id 74rAHIp_ShaRb1TqDtEjOA. (state.change.logger)
[2026-08-11 17:31:54,057] INFO [Broker id=1] Leader __consumer_offsets-1 with topic id Some(74rAHIp_ShaRb1TqDtEjOA) starts at leader epoch 0 from offset 0 with partition epoch 0, high watermark 0, ISR [1], adding replicas [] and removing replicas [] . Previous leader None and previous leader epoch was -1. (state.change.logger)
[2026-08-11 17:31:54,059] INFO [Broker id=1] Creating new partition __consumer_offsets-34 with topic id 74rAHIp_ShaRb1TqDtEjOA. (state.change.logger)
[2026-08-11 17:31:54,114] INFO [Broker id=1] Leader __consumer_offsets-34 with topic id Some(74rAHIp_ShaRb1TqDtEjOA) starts at leader epoch 0 from offset 0 with partition epoch 0, high watermark 0, ISR [1], adding replicas [] and removing replicas [] . Previous leader None and previous leader epoch was -1. (state.change.logger)
[2026-08-11 17:31:54,118] INFO [Broker id=1] Creating new partition __consumer_offsets-16 with topic id 74rAHIp_ShaRb1TqDtEjOA. (state.change.logger)
[2026-08-11 17:31:54,162] INFO [Broker id=1] Leader __consumer_offsets-16 with topic id Some(74rAHIp_ShaRb1TqDtEjOA) starts at leader epoch 0 from offset 0 with partition epoch 0, high watermark 0, ISR [1], adding replicas [] and removing replicas [] . Previous leader None and previous leader epoch was -1. (state.change.logger)
[2026-08-11 17:31:54,166] INFO [Broker id=1] Creating new partition __consumer_offsets-45 with topic id 74rAHIp_ShaRb1TqDtEjOA. (state.change.logger)
[2026-08-11 17:31:54,230] INFO [Broker id=1] Leader __consumer_offsets-45 with topic id Some(74rAHIp_ShaRb1TqDtEjOA) starts at leader epoch 0 from offset 0 with partition epoch 0, high watermark 0, ISR [1], adding replicas [] and removing replicas [] . Previous leader None and previous leader epoch was -1. (state.change.logger)
[2026-08-11 17:31:54,230] INFO [Broker id=1] Creating new partition __consumer_offsets-12 with topic id 74rAHIp_ShaRb1TqDtEjOA. (state.change.logger)
[2026-08-11 17:31:54,260] INFO [Broker id=1] Leader __consumer_offsets-12 with topic id Some(74rAHIp_ShaRb1TqDtEjOA) starts at leader epoch 0 from offset 0 with partition epoch 0, high watermark 0, ISR [1], adding replicas [] and removing replicas [] . Previous leader None and previous leader epoch was -1. (state.change.logger)
[2026-08-11 17:31:54,263] INFO [Broker id=1] Creating new partition __consumer_offsets-41 with topic id 74rAHIp_ShaRb1TqDtEjOA. (state.change.logger)
[2026-08-11 17:31:54,278] INFO [Broker id=1] Leader __consumer_offsets-41 with topic id Some(74rAHIp_ShaRb1TqDtEjOA) starts at leader epoch 0 from offset 0 with partition epoch 0, high watermark 0, ISR [1], adding replicas [] and removing replicas [] . Previous leader None and previous leader epoch was -1. (state.change.logger)
[2026-08-11 17:31:54,282] INFO [Broker id=1] Creating new partition __consumer_offsets-24 with topic id 74rAHIp_ShaRb1TqDtEjOA. (state.change.logger)
[2026-08-11 17:31:54,389] INFO [Broker id=1] Leader __consumer_offsets-24 with topic id Some(74rAHIp_ShaRb1TqDtEjOA) starts at leader epoch 0 from offset 0 with partition epoch 0, high watermark 0, ISR [1], adding replicas [] and removing replicas [] . Previous leader None and previous leader epoch was -1. (state.change.logger)
[2026-08-11 17:31:54,393] INFO [Broker id=1] Creating new partition __consumer_offsets-20 with topic id 74rAHIp_ShaRb1TqDtEjOA. (state.change.logger)
[2026-08-11 17:31:54,436] INFO [Broker id=1] Leader __consumer_offsets-20 with topic id Some(74rAHIp_ShaRb1TqDtEjOA) starts at leader epoch 0 from offset 0 with partition epoch 0, high watermark 0, ISR [1], adding replicas [] and removing replicas [] . Previous leader None and previous leader epoch was -1. (state.change.logger)
[2026-08-11 17:31:54,447] INFO [Broker id=1] Creating new partition __consumer_offsets-49 with topic id 74rAHIp_ShaRb1TqDtEjOA. (state.change.logger)
[2026-08-11 17:31:54,601] INFO [Broker id=1] Leader __consumer_offsets-49 with topic id Some(74rAHIp_ShaRb1TqDtEjOA) starts at leader epoch 0 from offset 0 with partition epoch 0, high watermark 0, ISR [1], adding replicas [] and removing replicas [] . Previous leader None and previous leader epoch was -1. (state.change.logger)
[2026-08-11 17:31:54,610] INFO [Broker id=1] Creating new partition __consumer_offsets-0 with topic id 74rAHIp_ShaRb1TqDtEjOA. (state.change.logger)
[2026-08-11 17:31:54,625] INFO [Broker id=1] Leader __consumer_offsets-0 with topic id Some(74rAHIp_ShaRb1TqDtEjOA) starts at leader epoch 0 from offset 0 with partition epoch 0, high watermark 0, ISR [1], adding replicas [] and removing replicas [] . Previous leader None and previous leader epoch was -1. (state.change.logger)
[2026-08-11 17:31:54,625] INFO [Broker id=1] Creating new partition __consumer_offsets-29 with topic id 74rAHIp_ShaRb1TqDtEjOA. (state.change.logger)
[2026-08-11 17:31:54,666] INFO [Broker id=1] Leader __consumer_offsets-29 with topic id Some(74rAHIp_ShaRb1TqDtEjOA) starts at leader epoch 0 from offset 0 with partition epoch 0, high watermark 0, ISR [1], adding replicas [] and removing replicas [] . Previous leader None and previous leader epoch was -1. (state.change.logger)
[2026-08-11 17:31:54,666] INFO [Broker id=1] Creating new partition __consumer_offsets-25 with topic id 74rAHIp_ShaRb1TqDtEjOA. (state.change.logger)
[2026-08-11 17:31:54,680] INFO [Broker id=1] Leader __consumer_offsets-25 with topic id Some(74rAHIp_ShaRb1TqDtEjOA) starts at leader epoch 0 from offset 0 with partition epoch 0, high watermark 0, ISR [1], adding replicas [] and removing replicas [] . Previous leader None and previous leader epoch was -1. (state.change.logger)
[2026-08-11 17:31:54,682] INFO [Broker id=1] Creating new partition __consumer_offsets-8 with topic id 74rAHIp_ShaRb1TqDtEjOA. (state.change.logger)
[2026-08-11 17:31:54,693] INFO [Broker id=1] Leader __consumer_offsets-8 with topic id Some(74rAHIp_ShaRb1TqDtEjOA) starts at leader epoch 0 from offset 0 with partition epoch 0, high watermark 0, ISR [1], adding replicas [] and removing replicas [] . Previous leader None and previous leader epoch was -1. (state.change.logger)
[2026-08-11 17:31:54,696] INFO [Broker id=1] Creating new partition __consumer_offsets-37 with topic id 74rAHIp_ShaRb1TqDtEjOA. (state.change.logger)
[2026-08-11 17:31:54,803] INFO [Broker id=1] Leader __consumer_offsets-37 with topic id Some(74rAHIp_ShaRb1TqDtEjOA) starts at leader epoch 0 from offset 0 with partition epoch 0, high watermark 0, ISR [1], adding replicas [] and removing replicas [] . Previous leader None and previous leader epoch was -1. (state.change.logger)
[2026-08-11 17:31:54,805] INFO [Broker id=1] Creating new partition __consumer_offsets-4 with topic id 74rAHIp_ShaRb1TqDtEjOA. (state.change.logger)
[2026-08-11 17:31:54,900] INFO [Broker id=1] Leader __consumer_offsets-4 with topic id Some(74rAHIp_ShaRb1TqDtEjOA) starts at leader epoch 0 from offset 0 with partition epoch 0, high watermark 0, ISR [1], adding replicas [] and removing replicas [] . Previous leader None and previous leader epoch was -1. (state.change.logger)
[2026-08-11 17:31:54,905] INFO [Broker id=1] Creating new partition __consumer_offsets-33 with topic id 74rAHIp_ShaRb1TqDtEjOA. (state.change.logger)
[2026-08-11 17:31:54,920] INFO [Broker id=1] Leader __consumer_offsets-33 with topic id Some(74rAHIp_ShaRb1TqDtEjOA) starts at leader epoch 0 from offset 0 with partition epoch 0, high watermark 0, ISR [1], adding replicas [] and removing replicas [] . Previous leader None and previous leader epoch was -1. (state.change.logger)
[2026-08-11 17:31:54,924] INFO [Broker id=1] Creating new partition __consumer_offsets-15 with topic id 74rAHIp_ShaRb1TqDtEjOA. (state.change.logger)
[2026-08-11 17:31:54,933] INFO [Broker id=1] Leader __consumer_offsets-15 with topic id Some(74rAHIp_ShaRb1TqDtEjOA) starts at leader epoch 0 from offset 0 with partition epoch 0, high watermark 0, ISR [1], adding replicas [] and removing replicas [] . Previous leader None and previous leader epoch was -1. (state.change.logger)
[2026-08-11 17:31:54,936] INFO [Broker id=1] Creating new partition __consumer_offsets-48 with topic id 74rAHIp_ShaRb1TqDtEjOA. (state.change.logger)
[2026-08-11 17:31:54,949] INFO [Broker id=1] Leader __consumer_offsets-48 with topic id Some(74rAHIp_ShaRb1TqDtEjOA) starts at leader epoch 0 from offset 0 with partition epoch 0, high watermark 0, ISR [1], adding replicas [] and removing replicas [] . Previous leader None and previous leader epoch was -1. (state.change.logger)
[2026-08-11 17:31:54,953] INFO [Broker id=1] Creating new partition __consumer_offsets-11 with topic id 74rAHIp_ShaRb1TqDtEjOA. (state.change.logger)
[2026-08-11 17:31:54,997] INFO [Broker id=1] Leader __consumer_offsets-11 with topic id Some(74rAHIp_ShaRb1TqDtEjOA) starts at leader epoch 0 from offset 0 with partition epoch 0, high watermark 0, ISR [1], adding replicas [] and removing replicas [] . Previous leader None and previous leader epoch was -1. (state.change.logger)
[2026-08-11 17:31:54,997] INFO [Broker id=1] Creating new partition __consumer_offsets-44 with topic id 74rAHIp_ShaRb1TqDtEjOA. (state.change.logger)
[2026-08-11 17:31:55,018] INFO [Broker id=1] Leader __consumer_offsets-44 with topic id Some(74rAHIp_ShaRb1TqDtEjOA) starts at leader epoch 0 from offset 0 with partition epoch 0, high watermark 0, ISR [1], adding replicas [] and removing replicas [] . Previous leader None and previous leader epoch was -1. (state.change.logger)
[2026-08-11 17:31:55,018] INFO [Broker id=1] Creating new partition __consumer_offsets-23 with topic id 74rAHIp_ShaRb1TqDtEjOA. (state.change.logger)
[2026-08-11 17:31:55,071] INFO [Broker id=1] Leader __consumer_offsets-23 with topic id Some(74rAHIp_ShaRb1TqDtEjOA) starts at leader epoch 0 from offset 0 with partition epoch 0, high watermark 0, ISR [1], adding replicas [] and removing replicas [] . Previous leader None and previous leader epoch was -1. (state.change.logger)
[2026-08-11 17:31:55,107] INFO [Broker id=1] Creating new partition __consumer_offsets-19 with topic id 74rAHIp_ShaRb1TqDtEjOA. (state.change.logger)
[2026-08-11 17:31:55,107] INFO [Broker id=1] Leader __consumer_offsets-19 with topic id Some(74rAHIp_ShaRb1TqDtEjOA) starts at leader epoch 0 from offset 0 with partition epoch 0, high watermark 0, ISR [1], adding replicas [] and removing replicas [] . Previous leader None and previous leader epoch was -1. (state.change.logger)
[2026-08-11 17:31:55,120] INFO [Broker id=1] Creating new partition __consumer_offsets-32 with topic id 74rAHIp_ShaRb1TqDtEjOA. (state.change.logger)
[2026-08-11 17:31:55,131] INFO [Broker id=1] Leader __consumer_offsets-32 with topic id Some(74rAHIp_ShaRb1TqDtEjOA) starts at leader epoch 0 from offset 0 with partition epoch 0, high watermark 0, ISR [1], adding replicas [] and removing replicas [] . Previous leader None and previous leader epoch was -1. (state.change.logger)
[2026-08-11 17:31:55,141] INFO [Broker id=1] Creating new partition __consumer_offsets-28 with topic id 74rAHIp_ShaRb1TqDtEjOA. (state.change.logger)
[2026-08-11 17:31:55,191] INFO [Broker id=1] Leader __consumer_offsets-28 with topic id Some(74rAHIp_ShaRb1TqDtEjOA) starts at leader epoch 0 from offset 0 with partition epoch 0, high watermark 0, ISR [1], adding replicas [] and removing replicas [] . Previous leader None and previous leader epoch was -1. (state.change.logger)
[2026-08-11 17:31:55,206] INFO [Broker id=1] Creating new partition __consumer_offsets-7 with topic id 74rAHIp_ShaRb1TqDtEjOA. (state.change.logger)
[2026-08-11 17:31:55,230] INFO [Broker id=1] Leader __consumer_offsets-7 with topic id Some(74rAHIp_ShaRb1TqDtEjOA) starts at leader epoch 0 from offset 0 with partition epoch 0, high watermark 0, ISR [1], adding replicas [] and removing replicas [] . Previous leader None and previous leader epoch was -1. (state.change.logger)
[2026-08-11 17:31:55,235] INFO [Broker id=1] Creating new partition __consumer_offsets-40 with topic id 74rAHIp_ShaRb1TqDtEjOA. (state.change.logger)
[2026-08-11 17:31:55,409] INFO [Broker id=1] Leader __consumer_offsets-40 with topic id Some(74rAHIp_ShaRb1TqDtEjOA) starts at leader epoch 0 from offset 0 with partition epoch 0, high watermark 0, ISR [1], adding replicas [] and removing replicas [] . Previous leader None and previous leader epoch was -1. (state.change.logger)
[2026-08-11 17:31:55,434] INFO [Broker id=1] Creating new partition __consumer_offsets-3 with topic id 74rAHIp_ShaRb1TqDtEjOA. (state.change.logger)
[2026-08-11 17:31:55,687] INFO [Broker id=1] Leader __consumer_offsets-3 with topic id Some(74rAHIp_ShaRb1TqDtEjOA) starts at leader epoch 0 from offset 0 with partition epoch 0, high watermark 0, ISR [1], adding replicas [] and removing replicas [] . Previous leader None and previous leader epoch was -1. (state.change.logger)
[2026-08-11 17:31:55,689] INFO [Broker id=1] Creating new partition __consumer_offsets-36 with topic id 74rAHIp_ShaRb1TqDtEjOA. (state.change.logger)
[2026-08-11 17:31:55,701] INFO [Broker id=1] Leader __consumer_offsets-36 with topic id Some(74rAHIp_ShaRb1TqDtEjOA) starts at leader epoch 0 from offset 0 with partition epoch 0, high watermark 0, ISR [1], adding replicas [] and removing replicas [] . Previous leader None and previous leader epoch was -1. (state.change.logger)
[2026-08-11 17:31:55,946] INFO [Broker id=1] Creating new partition __consumer_offsets-47 with topic id 74rAHIp_ShaRb1TqDtEjOA. (state.change.logger)
[2026-08-11 17:31:55,953] INFO [Broker id=1] Leader __consumer_offsets-47 with topic id Some(74rAHIp_ShaRb1TqDtEjOA) starts at leader epoch 0 from offset 0 with partition epoch 0, high watermark 0, ISR [1], adding replicas [] and removing replicas [] . Previous leader None and previous leader epoch was -1. (state.change.logger)
[2026-08-11 17:31:55,953] INFO [Broker id=1] Creating new partition __consumer_offsets-14 with topic id 74rAHIp_ShaRb1TqDtEjOA. (state.change.logger)
[2026-08-11 17:31:56,244] INFO [Broker id=1] Leader __consumer_offsets-14 with topic id Some(74rAHIp_ShaRb1TqDtEjOA) starts at leader epoch 0 from offset 0 with partition epoch 0, high watermark 0, ISR [1], adding replicas [] and removing replicas [] . Previous leader None and previous leader epoch was -1. (state.change.logger)
[2026-08-11 17:31:56,246] INFO [Broker id=1] Creating new partition __consumer_offsets-43 with topic id 74rAHIp_ShaRb1TqDtEjOA. (state.change.logger)
[2026-08-11 17:31:56,286] INFO [Broker id=1] Leader __consumer_offsets-43 with topic id Some(74rAHIp_ShaRb1TqDtEjOA) starts at leader epoch 0 from offset 0 with partition epoch 0, high watermark 0, ISR [1], adding replicas [] and removing replicas [] . Previous leader None and previous leader epoch was -1. (state.change.logger)
[2026-08-11 17:31:56,288] INFO [Broker id=1] Creating new partition __consumer_offsets-10 with topic id 74rAHIp_ShaRb1TqDtEjOA. (state.change.logger)
[2026-08-11 17:31:56,302] INFO [Broker id=1] Leader __consumer_offsets-10 with topic id Some(74rAHIp_ShaRb1TqDtEjOA) starts at leader epoch 0 from offset 0 with partition epoch 0, high watermark 0, ISR [1], adding replicas [] and removing replicas [] . Previous leader None and previous leader epoch was -1. (state.change.logger)
[2026-08-11 17:31:56,303] INFO [Broker id=1] Creating new partition __consumer_offsets-22 with topic id 74rAHIp_ShaRb1TqDtEjOA. (state.change.logger)
[2026-08-11 17:31:56,530] INFO [Broker id=1] Leader __consumer_offsets-22 with topic id Some(74rAHIp_ShaRb1TqDtEjOA) starts at leader epoch 0 from offset 0 with partition epoch 0, high watermark 0, ISR [1], adding replicas [] and removing replicas [] . Previous leader None and previous leader epoch was -1. (state.change.logger)
[2026-08-11 17:31:56,532] INFO [Broker id=1] Creating new partition __consumer_offsets-18 with topic id 74rAHIp_ShaRb1TqDtEjOA. (state.change.logger)
[2026-08-11 17:31:56,586] INFO [Broker id=1] Leader __consumer_offsets-18 with topic id Some(74rAHIp_ShaRb1TqDtEjOA) starts at leader epoch 0 from offset 0 with partition epoch 0, high watermark 0, ISR [1], adding replicas [] and removing replicas [] . Previous leader None and previous leader epoch was -1. (state.change.logger)
[2026-08-11 17:31:56,781] INFO [Broker id=1] Creating new partition __consumer_offsets-31 with topic id 74rAHIp_ShaRb1TqDtEjOA. (state.change.logger)
[2026-08-11 17:31:56,883] INFO [Broker id=1] Leader __consumer_offsets-31 with topic id Some(74rAHIp_ShaRb1TqDtEjOA) starts at leader epoch 0 from offset 0 with partition epoch 0, high watermark 0, ISR [1], adding replicas [] and removing replicas [] . Previous leader None and previous leader epoch was -1. (state.change.logger)
[2026-08-11 17:31:56,903] INFO [Broker id=1] Creating new partition __consumer_offsets-27 with topic id 74rAHIp_ShaRb1TqDtEjOA. (state.change.logger)
[2026-08-11 17:31:57,228] INFO [Broker id=1] Leader __consumer_offsets-27 with topic id Some(74rAHIp_ShaRb1TqDtEjOA) starts at leader epoch 0 from offset 0 with partition epoch 0, high watermark 0, ISR [1], adding replicas [] and removing replicas [] . Previous leader None and previous leader epoch was -1. (state.change.logger)
[2026-08-11 17:31:57,239] INFO [Broker id=1] Creating new partition __consumer_offsets-39 with topic id 74rAHIp_ShaRb1TqDtEjOA. (state.change.logger)
[2026-08-11 17:31:57,293] INFO [Broker id=1] Leader __consumer_offsets-39 with topic id Some(74rAHIp_ShaRb1TqDtEjOA) starts at leader epoch 0 from offset 0 with partition epoch 0, high watermark 0, ISR [1], adding replicas [] and removing replicas [] . Previous leader None and previous leader epoch was -1. (state.change.logger)
[2026-08-11 17:31:57,293] INFO [Broker id=1] Creating new partition __consumer_offsets-6 with topic id 74rAHIp_ShaRb1TqDtEjOA. (state.change.logger)
[2026-08-11 17:31:57,386] INFO [Broker id=1] Leader __consumer_offsets-6 with topic id Some(74rAHIp_ShaRb1TqDtEjOA) starts at leader epoch 0 from offset 0 with partition epoch 0, high watermark 0, ISR [1], adding replicas [] and removing replicas [] . Previous leader None and previous leader epoch was -1. (state.change.logger)
[2026-08-11 17:31:57,391] INFO [Broker id=1] Creating new partition __consumer_offsets-35 with topic id 74rAHIp_ShaRb1TqDtEjOA. (state.change.logger)
[2026-08-11 17:31:57,403] INFO [Broker id=1] Leader __consumer_offsets-35 with topic id Some(74rAHIp_ShaRb1TqDtEjOA) starts at leader epoch 0 from offset 0 with partition epoch 0, high watermark 0, ISR [1], adding replicas [] and removing replicas [] . Previous leader None and previous leader epoch was -1. (state.change.logger)
[2026-08-11 17:31:57,486] INFO [Broker id=1] Creating new partition __consumer_offsets-2 with topic id 74rAHIp_ShaRb1TqDtEjOA. (state.change.logger)
[2026-08-11 17:31:57,603] INFO [Broker id=1] Leader __consumer_offsets-2 with topic id Some(74rAHIp_ShaRb1TqDtEjOA) starts at leader epoch 0 from offset 0 with partition epoch 0, high watermark 0, ISR [1], adding replicas [] and removing replicas [] . Previous leader None and previous leader epoch was -1. (state.change.logger)
